[    0.000000] Linux version 4.15.0-88-generic (buildd@lgw01-amd64-036) (gcc version 7.4.0 (Ubuntu 7.4.0-1ubuntu1~18.04.1)) #88-Ubuntu SMP Tue Feb 11 20:11:34 UTC 2020 (Ubuntu 4.15.0-88.88-generic 4.15.18)
[    0.000000] Command line: BOOT_IMAGE=/boot/vmlinuz-4.15.0-88-generic root=LABEL=cloudimg-rootfs ro console=tty1 console=ttyS0
[    0.000000] KERNEL supported cpus:
[    0.000000]   Intel GenuineIntel
[    0.000000]   AMD AuthenticAMD
[    0.000000]   Centaur CentaurHauls
[    0.000000] x86/fpu: Supporting XSAVE feature 0x001: 'x87 floating point registers'
[    0.000000] x86/fpu: Supporting XSAVE feature 0x002: 'SSE registers'
[    0.000000] x86/fpu: Supporting XSAVE feature 0x004: 'AVX registers'
[    0.000000] x86/fpu: xstate_offset[2]:  576, xstate_sizes[2]:  256
[    0.000000] x86/fpu: Enabled xstate features 0x7, context size is 832 bytes, using 'standard' format.
[    0.000000] e820: BIOS-provided physical RAM map:
[    0.000000] BIOS-e820: [mem 0x0000000000000000-0x000000000009fbff] usable
[    0.000000] BIOS-e820: [mem 0x000000000009fc00-0x000000000009ffff] reserved
[    0.000000] BIOS-e820: [mem 0x00000000000f0000-0x00000000000fffff] reserved
[    0.000000] BIOS-e820: [mem 0x0000000000100000-0x000000003ffeffff] usable
[    0.000000] BIOS-e820: [mem 0x000000003fff0000-0x000000003fffffff] ACPI data
[    0.000000] BIOS-e820: [mem 0x00000000fec00000-0x00000000fec00fff] reserved
[    0.000000] BIOS-e820: [mem 0x00000000fee00000-0x00000000fee00fff] reserved
[    0.000000] BIOS-e820: [mem 0x00000000fffc0000-0x00000000ffffffff] reserved
[    0.000000] NX (Execute Disable) protection: active
[    0.000000] SMBIOS 2.5 present.
[    0.000000] DMI: innotek GmbH VirtualBox/VirtualBox, BIOS VirtualBox 12/01/2006
[    0.000000] Hypervisor detected: KVM
[    0.000000] e820: last_pfn = 0x3fff0 max_arch_pfn = 0x400000000
[    0.000000] MTRR: Disabled
[    0.000000] x86/PAT: MTRRs disabled, skipping PAT initialization too.
[    0.000000] CPU MTRRs all blank - virtualized system.
[    0.000000] x86/PAT: Configuration [0-7]: WB  WT  UC- UC  WB  WT  UC- UC  
[    0.000000] found SMP MP-table at [mem 0x0009fff0-0x0009ffff]
[    0.000000] Scanning 1 areas for low memory corruption
[    0.000000] RAMDISK: [mem 0x35a6d000-0x36d2dfff]
[    0.000000] ACPI: Early table checksum verification disabled
[    0.000000] ACPI: RSDP 0x00000000000E0000 000024 (v02 VBOX  )
[    0.000000] ACPI: XSDT 0x000000003FFF0030 00003C (v01 VBOX   VBOXXSDT 00000001 ASL  00000061)
[    0.000000] ACPI: FACP 0x000000003FFF00F0 0000F4 (v04 VBOX   VBOXFACP 00000001 ASL  00000061)
[    0.000000] ACPI: DSDT 0x000000003FFF0470 0022EA (v02 VBOX   VBOXBIOS 00000002 INTL 20100528)
[    0.000000] ACPI: FACS 0x000000003FFF0200 000040
[    0.000000] ACPI: FACS 0x000000003FFF0200 000040
[    0.000000] ACPI: APIC 0x000000003FFF0240 00005C (v02 VBOX   VBOXAPIC 00000001 ASL  00000061)
[    0.000000] ACPI: SSDT 0x000000003FFF02A0 0001CC (v01 VBOX   VBOXCPUT 00000002 INTL 20100528)
[    0.000000] No NUMA configuration found
[    0.000000] Faking a node at [mem 0x0000000000000000-0x000000003ffeffff]
[    0.000000] NODE_DATA(0) allocated [mem 0x3ffc5000-0x3ffeffff]
[    0.000000] kvm-clock: cpu 0, msr 0:3ff44001, primary cpu clock
[    0.000000] kvm-clock: Using msrs 4b564d01 and 4b564d00
[    0.000000] kvm-clock: using sched offset of 6553493254 cycles
[    0.000000] clocksource: kvm-clock: mask: 0xffffffffffffffff max_cycles: 0x1cd42e4dffb, max_idle_ns: 881590591483 ns
[    0.000000] Zone ranges:
[    0.000000]   DMA      [mem 0x0000000000001000-0x0000000000ffffff]
[    0.000000]   DMA32    [mem 0x0000000001000000-0x000000003ffeffff]
[    0.000000]   Normal   empty
[    0.000000]   Device   empty
[    0.000000] Movable zone start for each node
[    0.000000] Early memory node ranges
[    0.000000]   node   0: [mem 0x0000000000001000-0x000000000009efff]
[    0.000000]   node   0: [mem 0x0000000000100000-0x000000003ffeffff]
[    0.000000] Reserved but unavailable: 98 pages
[    0.000000] Initmem setup node 0 [mem 0x0000000000001000-0x000000003ffeffff]
[    0.000000] ACPI: PM-Timer IO Port: 0x4008
[    0.000000] IOAPIC[0]: apic_id 2, version 32, address 0xfec00000, GSI 0-23
[    0.000000] ACPI: INT_SRC_OVR (bus 0 bus_irq 0 global_irq 2 dfl dfl)
[    0.000000] ACPI: INT_SRC_OVR (bus 0 bus_irq 9 global_irq 9 low level)
[    0.000000] Using ACPI (MADT) for SMP configuration information
[    0.000000] smpboot: Allowing 2 CPUs, 0 hotplug CPUs
[    0.000000] PM: Registered nosave memory: [mem 0x00000000-0x00000fff]
[    0.000000] PM: Registered nosave memory: [mem 0x0009f000-0x0009ffff]
[    0.000000] PM: Registered nosave memory: [mem 0x000a0000-0x000effff]
[    0.000000] PM: Registered nosave memory: [mem 0x000f0000-0x000fffff]
[    0.000000] e820: [mem 0x40000000-0xfebfffff] available for PCI devices
[    0.000000] Booting paravirtualized kernel on KVM
[    0.000000] clocksource: refined-jiffies: mask: 0xffffffff max_cycles: 0xffffffff, max_idle_ns: 7645519600211568 ns
[    0.000000] random: get_random_bytes called from start_kernel+0x99/0x4fd with crng_init=0
[    0.000000] setup_percpu: NR_CPUS:8192 nr_cpumask_bits:2 nr_cpu_ids:2 nr_node_ids:1
[    0.000000] percpu: Embedded 45 pages/cpu s147456 r8192 d28672 u1048576
[    0.000000] PV qspinlock hash table entries: 256 (order: 0, 4096 bytes)
[    0.000000] Built 1 zonelists, mobility grouping on.  Total pages: 257913
[    0.000000] Policy zone: DMA32
[    0.000000] Kernel command line: BOOT_IMAGE=/boot/vmlinuz-4.15.0-88-generic root=LABEL=cloudimg-rootfs ro console=tty1 console=ttyS0
[    0.000000] Memory: 983068K/1048120K available (12300K kernel code, 2481K rwdata, 4264K rodata, 2428K init, 2712K bss, 65052K reserved, 0K cma-reserved)
[    0.000000] SLUB: HWalign=64, Order=0-3, MinObjects=0, CPUs=2, Nodes=1
[    0.000000] Kernel/User page tables isolation: enabled
[    0.000000] ftrace: allocating 39344 entries in 154 pages
[    0.004000] Hierarchical RCU implementation.
[    0.004000] 	RCU restricting CPUs from NR_CPUS=8192 to nr_cpu_ids=2.
[    0.004000] 	Tasks RCU enabled.
[    0.004000] RCU: Adjusting geometry for rcu_fanout_leaf=16, nr_cpu_ids=2
[    0.004000] NR_IRQS: 524544, nr_irqs: 440, preallocated irqs: 16
[    0.004000] Console: colour VGA+ 80x25
[    0.004000] console [tty1] enabled
[    0.004000] console [ttyS0] enabled
[    0.004000] ACPI: Core revision 20170831
[    0.004000] ACPI: 2 ACPI AML tables successfully acquired and loaded
[    0.004000] APIC: Switch to symmetric I/O mode setup
[    0.004531] x2apic enabled
[    0.008008] Switched APIC routing to physical x2apic.
[    0.012000] ..TIMER: vector=0x30 apic1=0 pin1=2 apic2=-1 pin2=-1
[    0.012005] tsc: Detected 1600.000 MHz processor
[    0.016022] Calibrating delay loop (skipped) preset value.. 3200.00 BogoMIPS (lpj=6400000)
[    0.020007] pid_max: default: 32768 minimum: 301
[    0.024046] Security Framework initialized
[    0.028007] Yama: becoming mindful.
[    0.030790] AppArmor: AppArmor initialized
[    0.034258] Dentry cache hash table entries: 131072 (order: 8, 1048576 bytes)
[    0.040149] Inode-cache hash table entries: 65536 (order: 7, 524288 bytes)
[    0.042939] Mount-cache hash table entries: 2048 (order: 2, 16384 bytes)
[    0.044018] Mountpoint-cache hash table entries: 2048 (order: 2, 16384 bytes)
[    0.048310] Last level iTLB entries: 4KB 64, 2MB 8, 4MB 8
[    0.052005] Last level dTLB entries: 4KB 64, 2MB 0, 4MB 0, 1GB 4
[    0.054301] Spectre V1 : Mitigation: usercopy/swapgs barriers and __user pointer sanitization
[    0.056007] Spectre V2 : Mitigation: Full generic retpoline
[    0.060007] Spectre V2 : Spectre v2 / SpectreRSB mitigation: Filling RSB on context switch
[    0.064008] Speculative Store Bypass: Vulnerable
[    0.065908] MDS: Mitigation: Clear CPU buffers
[    0.068179] Freeing SMP alternatives memory: 36K
[    0.180009] APIC calibration not consistent with PM-Timer: 97ms instead of 100ms
[    0.184000] APIC delta adjusted to PM-Timer: 6203599 (6039772)
[    0.184170] smpboot: CPU0: Intel(R) Core(TM) i5-5250U CPU @ 1.60GHz (family: 0x6, model: 0x3d, stepping: 0x4)
[    0.188190] Performance Events: unsupported p6 CPU model 61 no PMU driver, software events only.
[    0.192113] Hierarchical SRCU implementation.
[    0.197248] NMI watchdog: Perf event create on CPU 0 failed with -2
[    0.200010] NMI watchdog: Perf NMI watchdog permanently disabled
[    0.204344] smp: Bringing up secondary CPUs ...
[    0.208214] x86: Booting SMP configuration:
[    0.212009] .... node  #0, CPUs:      #1
[    0.004000] kvm-clock: cpu 1, msr 0:3ff44041, secondary cpu clock
[    0.224041] smp: Brought up 1 node, 2 CPUs
[    0.228016] smpboot: Max logical packages: 1
[    0.232012] smpboot: Total of 2 processors activated (6400.00 BogoMIPS)
[    0.240065] devtmpfs: initialized
[    0.244115] x86/mm: Memory block size: 128MB
[    0.248304] evm: security.selinux
[    0.252015] evm: security.SMACK64
[    0.256008] evm: security.SMACK64EXEC
[    0.260007] evm: security.SMACK64TRANSMUTE
[    0.264006] evm: security.SMACK64MMAP
[    0.268009] evm: security.apparmor
[    0.272009] evm: security.ima
[    0.276007] evm: security.capability
[    0.280163] clocksource: jiffies: mask: 0xffffffff max_cycles: 0xffffffff, max_idle_ns: 7645041785100000 ns
[    0.284021] futex hash table entries: 512 (order: 3, 32768 bytes)
[    0.290370] pinctrl core: initialized pinctrl subsystem
[    0.292471] RTC time: 10:42:25, date: 04/23/20
[    0.296292] NET: Registered protocol family 16
[    0.300359] audit: initializing netlink subsys (disabled)
[    0.304076] audit: type=2000 audit(1587638553.098:1): state=initialized audit_enabled=0 res=1
[    0.316015] cpuidle: using governor ladder
[    0.320029] cpuidle: using governor menu
[    0.324083] ACPI: bus type PCI registered
[    0.328010] acpiphp: ACPI Hot Plug PCI Controller Driver version: 0.5
[    0.336050] PCI: Using configuration type 1 for base access
[    0.346639] HugeTLB registered 2.00 MiB page size, pre-allocated 0 pages
[    0.348243] ACPI: Added _OSI(Module Device)
[    0.352076] ACPI: Added _OSI(Processor Device)
[    0.356013] ACPI: Added _OSI(3.0 _SCP Extensions)
[    0.360011] ACPI: Added _OSI(Processor Aggregator Device)
[    0.364012] ACPI: Added _OSI(Linux-Dell-Video)
[    0.368012] ACPI: Added _OSI(Linux-Lenovo-NV-HDMI-Audio)
[    0.372012] ACPI: Added _OSI(Linux-HPI-Hybrid-Graphics)
[    0.380865] ACPI: Executed 1 blocks of module-level executable AML code
[    0.422951] ACPI: Interpreter enabled
[    0.424041] ACPI: (supports S0 S5)
[    0.428012] ACPI: Using IOAPIC for interrupt routing
[    0.432318] PCI: Using host bridge windows from ACPI; if necessary, use "pci=nocrs" and report a bug
[    0.436524] ACPI: Enabled 2 GPEs in block 00 to 07
[    0.458664] ACPI: PCI Root Bridge [PCI0] (domain 0000 [bus 00-ff])
[    0.460067] acpi PNP0A03:00: _OSC: OS supports [ASPM ClockPM Segments MSI]
[    0.468882] acpi PNP0A03:00: _OSC: not requesting OS control; OS requires [ExtendedConfig ASPM ClockPM MSI]
[    0.472032] acpi PNP0A03:00: fail to add MMCONFIG information, can't access extended PCI configuration space under this bridge.
[    0.476705] PCI host bridge to bus 0000:00
[    0.480009] pci_bus 0000:00: root bus resource [io  0x0000-0x0cf7 window]
[    0.482913] pci_bus 0000:00: root bus resource [io  0x0d00-0xffff window]
[    0.484008] pci_bus 0000:00: root bus resource [mem 0x000a0000-0x000bffff window]
[    0.488010] pci_bus 0000:00: root bus resource [mem 0x40000000-0xfdffffff window]
[    0.492009] pci_bus 0000:00: root bus resource [bus 00-ff]
[    0.500610] pci 0000:00:01.1: legacy IDE quirk: reg 0x10: [io  0x01f0-0x01f7]
[    0.503825] pci 0000:00:01.1: legacy IDE quirk: reg 0x14: [io  0x03f6]
[    0.504009] pci 0000:00:01.1: legacy IDE quirk: reg 0x18: [io  0x0170-0x0177]
[    0.508009] pci 0000:00:01.1: legacy IDE quirk: reg 0x1c: [io  0x0376]
[    0.547746] pci 0000:00:07.0: quirk: [io  0x4000-0x403f] claimed by PIIX4 ACPI
[    0.548048] pci 0000:00:07.0: quirk: [io  0x4100-0x410f] claimed by PIIX4 SMB
[    0.580947] ACPI: PCI Interrupt Link [LNKA] (IRQs 5 9 10 *11)
[    0.584547] ACPI: PCI Interrupt Link [LNKB] (IRQs 5 9 *10 11)
[    0.588365] ACPI: PCI Interrupt Link [LNKC] (IRQs 5 *9 10 11)
[    0.592243] ACPI: PCI Interrupt Link [LNKD] (IRQs 5 9 10 *11)
[    0.595363] SCSI subsystem initialized
[    0.596070] pci 0000:00:02.0: vgaarb: setting as boot VGA device
[    0.599192] pci 0000:00:02.0: vgaarb: VGA device added: decodes=io+mem,owns=io+mem,locks=none
[    0.600012] pci 0000:00:02.0: vgaarb: bridge control possible
[    0.602311] vgaarb: loaded
[    0.603712] ACPI: bus type USB registered
[    0.604061] usbcore: registered new interface driver usbfs
[    0.608037] usbcore: registered new interface driver hub
[    0.610438] usbcore: registered new device driver usb
[    0.612162] EDAC MC: Ver: 3.0.0
[    0.613757] PCI: Using ACPI for IRQ routing
[    0.616575] NetLabel: Initializing
[    0.618476] NetLabel:  domain hash size = 128
[    0.620006] NetLabel:  protocols = UNLABELED CIPSOv4 CALIPSO
[    0.624029] NetLabel:  unlabeled traffic allowed by default
[    0.628008] clocksource: Switched to clocksource kvm-clock
[    0.656452] VFS: Disk quotas dquot_6.6.0
[    0.660123] VFS: Dquot-cache hash table entries: 512 (order 0, 4096 bytes)
[    0.663242] AppArmor: AppArmor Filesystem Enabled
[    0.664951] pnp: PnP ACPI init
[    0.668796] pnp: PnP ACPI: found 3 devices
[    0.683340] clocksource: acpi_pm: mask: 0xffffff max_cycles: 0xffffff, max_idle_ns: 2085701024 ns
[    0.687913] NET: Registered protocol family 2
[    0.690151] TCP established hash table entries: 8192 (order: 4, 65536 bytes)
[    0.695770] TCP bind hash table entries: 8192 (order: 5, 131072 bytes)
[    0.698249] TCP: Hash tables configured (established 8192 bind 8192)
[    0.700790] UDP hash table entries: 512 (order: 2, 16384 bytes)
[    0.703829] UDP-Lite hash table entries: 512 (order: 2, 16384 bytes)
[    0.707666] NET: Registered protocol family 1
[    0.709864] pci 0000:00:00.0: Limiting direct PCI/PCI transfers
[    0.712188] pci 0000:00:01.0: Activating ISA DMA hang workarounds
[    0.714817] pci 0000:00:02.0: Video device with shadowed ROM at [mem 0x000c0000-0x000dffff]
[    0.718408] Unpacking initramfs...
[    1.146935] Freeing initrd memory: 19204K
[    1.149193] clocksource: tsc: mask: 0xffffffffffffffff max_cycles: 0x171024fa93b, max_idle_ns: 440795253189 ns
[    1.155159] platform rtc_cmos: registered platform RTC device (no PNP device found)
[    1.159532] Scanning for low memory corruption every 60 seconds
[    1.163046] Initialise system trusted keyrings
[    1.165279] Key type blacklist registered
[    1.167696] workingset: timestamp_bits=36 max_order=18 bucket_order=0
[    1.171346] zbud: loaded
[    1.173327] squashfs: version 4.0 (2009/01/31) Phillip Lougher
[    1.175905] fuse init (API version 7.26)
[    1.183045] Key type asymmetric registered
[    1.184984] Asymmetric key parser 'x509' registered
[    1.186952] Block layer SCSI generic (bsg) driver version 0.4 loaded (major 246)
[    1.190479] io scheduler noop registered
[    1.192799] io scheduler deadline registered
[    1.194359] io scheduler cfq registered (default)
[    1.197229] ACPI: AC Adapter [AC] (on-line)
[    1.199015] input: Power Button as /devices/LNXSYSTM:00/LNXPWRBN:00/input/input0
[    1.202364] ACPI: Power Button [PWRF]
[    1.203845] input: Sleep Button as /devices/LNXSYSTM:00/LNXSLPBN:00/input/input1
[    1.206831] ACPI: Sleep Button [SLPF]
[    1.210745] ACPI: Battery Slot [BAT0] (battery present)
[    1.214702] Serial: 8250/16550 driver, 32 ports, IRQ sharing enabled
[    1.239230] 00:02: ttyS0 at I/O 0x3f8 (irq = 4, base_baud = 115200) is a 16550A
[    1.247730] Linux agpgart interface v0.103
[    1.251785] loop: module loaded
[    1.253790] scsi host0: ata_piix
[    1.256293] scsi host1: ata_piix
[    1.258130] ata1: PATA max UDMA/33 cmd 0x1f0 ctl 0x3f6 bmdma 0xd000 irq 14
[    1.263011] ata2: PATA max UDMA/33 cmd 0x170 ctl 0x376 bmdma 0xd008 irq 15
[    1.267851] libphy: Fixed MDIO Bus: probed
[    1.270956] tun: Universal TUN/TAP device driver, 1.6
[    1.274269] PPP generic driver version 2.4.2
[    1.277599] ehci_hcd: USB 2.0 'Enhanced' Host Controller (EHCI) Driver
[    1.281031] ehci-pci: EHCI PCI platform driver
[    1.283143] ehci-platform: EHCI generic platform driver
[    1.285923] ohci_hcd: USB 1.1 'Open' Host Controller (OHCI) Driver
[    1.288798] ohci-pci: OHCI PCI platform driver
[    1.290506] ohci-platform: OHCI generic platform driver
[    1.292546] uhci_hcd: USB Universal Host Controller Interface driver
[    1.295079] i8042: PNP: PS/2 Controller [PNP0303:PS2K,PNP0f03:PS2M] at 0x60,0x64 irq 1,12
[    1.300765] serio: i8042 KBD port at 0x60,0x64 irq 1
[    1.303226] serio: i8042 AUX port at 0x60,0x64 irq 12
[    1.307092] mousedev: PS/2 mouse device common for all mice
[    1.311051] input: AT Translated Set 2 keyboard as /devices/platform/i8042/serio0/input/input2
[    1.315655] rtc_cmos rtc_cmos: rtc core: registered rtc_cmos as rtc0
[    1.320636] rtc_cmos rtc_cmos: alarms up to one day, 114 bytes nvram
[    1.323628] i2c /dev entries driver
[    1.325332] device-mapper: uevent: version 1.0.3
[    1.327952] device-mapper: ioctl: 4.37.0-ioctl (2017-09-20) initialised: dm-devel@redhat.com
[    1.332200] ledtrig-cpu: registered to indicate activity on CPUs
[    1.335672] NET: Registered protocol family 10
[    1.344296] Segment Routing with IPv6
[    1.345539] NET: Registered protocol family 17
[    1.347284] Key type dns_resolver registered
[    1.349950] mce: Using 0 MCE banks
[    1.351603] RAS: Correctable Errors collector initialized.
[    1.354059] sched_clock: Marking stable (1354015540, 0)->(2702805458, -1348789918)
[    1.360452] registered taskstats version 1
[    1.361794] Loading compiled-in X.509 certificates
[    1.367979] Loaded X.509 cert 'Build time autogenerated kernel key: f0020782f0d3a548186fb3f47aed88387a71e859'
[    1.371415] zswap: loaded using pool lzo/zbud
[    1.379648] Key type big_key registered
[    1.381778] Key type trusted registered
[    1.385787] Key type encrypted registered
[    1.387574] AppArmor: AppArmor sha1 policy hashing enabled
[    1.390069] ima: No TPM chip found, activating TPM-bypass! (rc=-19)
[    1.392970] ima: Allocated hash algorithm: sha1
[    1.394889] evm: HMAC attrs: 0x1
[    1.396590]   Magic number: 0:460:730
[    1.398582] rtc_cmos rtc_cmos: setting system clock to 2020-04-23 10:42:27 UTC (1587638547)
[    1.402315] BIOS EDD facility v0.16 2004-Jun-25, 0 devices found
[    1.404845] EDD information not available.
[    1.438329] Freeing unused kernel image memory: 2428K
[    1.452379] Write protecting the kernel read-only data: 20480k
[    1.458978] Freeing unused kernel image memory: 2008K
[    1.463696] Freeing unused kernel image memory: 1880K
[    1.477122] x86/mm: Checked W+X mappings: passed, no W+X pages found.
[    1.484529] x86/mm: Checking user space page tables
[    1.509187] x86/mm: Checked W+X mappings: passed, no W+X pages found.
Loading, please wait...
starting version 237
[    1.702883] e1000: Intel(R) PRO/1000 Network Driver - version 7.3.21-k8-NAPI
[    1.706236] e1000: Copyright (c) 1999-2006 Intel Corporation.
[    1.727572] AVX2 version of gcm_enc/dec engaged.
[    1.729782] AES CTR mode by8 optimization enabled
[    1.732816] Fusion MPT base driver 3.04.20
[    1.743900] Copyright (c) 1999-2008 LSI Corporation
[    1.798040] Fusion MPT SPI Host driver 3.04.20
[    1.933825] input: ImExPS/2 Generic Explorer Mouse as /devices/platform/i8042/serio1/input/input4
[    2.440481] e1000 0000:00:03.0 eth0: (PCI:33MHz:32-bit) 02:63:41:f1:0e:ed
[    2.443377] e1000 0000:00:03.0 eth0: Intel(R) PRO/1000 Network Connection
[    2.447635] mptbase: ioc0: Initiating bringup
[    2.792860] ioc0: LSI53C1030 A0: Capabilities={Initiator}
[    3.337152] scsi host2: ioc0: LSI53C1030 A0, FwRev=00000000h, Ports=1, MaxQ=256, IRQ=20
[    3.784598] scsi 2:0:0:0: Direct-Access     VBOX     HARDDISK         1.0  PQ: 0 ANSI: 5
[    3.824451] scsi target2:0:0: Beginning Domain Validation
[    3.833527] scsi target2:0:0: Domain Validation skipping write tests
[    3.839249] scsi target2:0:0: Ending Domain Validation
[    3.841782] scsi target2:0:0: asynchronous
[    3.844351] scsi 2:0:1:0: Direct-Access     VBOX     HARDDISK         1.0  PQ: 0 ANSI: 5
[    4.198096] scsi target2:0:1: Beginning Domain Validation
[    4.202269] random: fast init done
[    4.207286] scsi target2:0:1: Domain Validation skipping write tests
[    4.210318] scsi target2:0:1: Ending Domain Validation
[    4.212942] scsi target2:0:1: asynchronous
[    4.225170] sd 2:0:0:0: Attached scsi generic sg0 type 0
[    4.229728] sd 2:0:1:0: Attached scsi generic sg1 type 0
[    4.236220] sd 2:0:0:0: [sda] 20971520 512-byte logical blocks: (10.7 GB/10.0 GiB)
[    4.238930] sd 2:0:0:0: [sda] Write Protect is off
[    4.240150] random: systemd-udevd: uninitialized urandom read (16 bytes read)
[    4.270931] sd 2:0:0:0: [sda] Incomplete mode parameter data
[    4.275276] sd 2:0:0:0: [sda] Assuming drive cache: write through
[    4.283539]  sda: sda1
[    4.287452] sd 2:0:0:0: [sda] Attached SCSI disk
[    4.292093] sd 2:0:1:0: [sdb] 20480 512-byte logical blocks: (10.5 MB/10.0 MiB)
[    4.313511] random: systemd-udevd: uninitialized urandom read (16 bytes read)
[    4.324375] random: systemd-udevd: uninitialized urandom read (16 bytes read)
[    4.338011] sd 2:0:1:0: [sdb] Write Protect is off
[    4.348967] sd 2:0:1:0: [sdb] Incomplete mode parameter data
[    4.357328] sd 2:0:1:0: [sdb] Assuming drive cache: write through
[    4.376964] sd 2:0:1:0: [sdb] Attached SCSI disk
[    4.696644] e1000 0000:00:08.0 eth1: (PCI:33MHz:32-bit) 08:00:27:11:c6:b2
[    4.703964] e1000 0000:00:08.0 eth1: Intel(R) PRO/1000 Network Connection
[    4.709921] e1000 0000:00:08.0 enp0s8: renamed from eth1
[    4.730583] e1000 0000:00:03.0 enp0s3: renamed from eth0
Begin: Loading essential drivers ... [    6.604113] raid6: sse2x1   gen()  2829 MB/s
[    6.652611] raid6: sse2x1   xor()  2180 MB/s
[    6.712335] raid6: sse2x2   gen()  3050 MB/s
[    6.768502] raid6: sse2x2   xor()  1549 MB/s
[    6.840273] raid6: sse2x4   gen()  4970 MB/s
[    6.896150] raid6: sse2x4   xor()  2613 MB/s
[    6.944215] raid6: avx2x1   gen()  7307 MB/s
[    6.996455] raid6: avx2x1   xor()  5171 MB/s
[    7.052158] raid6: avx2x2   gen() 10769 MB/s
[    7.106529] raid6: avx2x2   xor()  6426 MB/s
[    7.156668] raid6: avx2x4   gen() 11115 MB/s
[    7.212490] raid6: avx2x4   xor()  5763 MB/s
[    7.217102] raid6: using algorithm avx2x4 gen() 11115 MB/s
[    7.222266] raid6: .... xor() 5763 MB/s, rmw enabled
[    7.227120] raid6: using avx2x2 recovery algorithm
[    7.234393] xor: automatically using best checksumming function   avx       
[    7.241015] async_tx: api initialized (async)
done.
Begin: Running /scripts/init-premount ... done.
Begin: Mounting root file system ... Begin: Running /scripts/local-top ... done.
Begin: Running /scripts/local-premount ... [    7.359528] Btrfs loaded, crc32c=crc32c-intel
Scanning for Btrfs filesystems
done.
Warning: fsck not present, so skipping root file system
[    7.413605] EXT4-fs (sda1): mounted filesystem with ordered data mode. Opts: (null)
done.
Begin: Running /scripts/local-bottom ... done.
Begin: Running /scripts/init-bottom ... done.
[    7.608872] ip_tables: (C) 2000-2006 Netfilter Core Team
[    7.623894] systemd[1]: systemd 237 running in system mode. (+PAM +AUDIT +SELINUX +IMA +APPARMOR +SMACK +SYSVINIT +UTMP +LIBCRYPTSETUP +GCRYPT +GNUTLS +ACL +XZ +LZ4 +SECCOMP +BLKID +ELFUTILS +KMOD -IDN2 +IDN -PCRE2 default-hierarchy=hybrid)
[    7.631900] systemd[1]: Detected virtualization oracle.
[    7.634662] systemd[1]: Detected architecture x86-64.

Welcome to [1mUbuntu 18.04.4 LTS[0m!

[    7.649845] systemd[1]: Set hostname to <ubuntu>.
[    7.657869] systemd[1]: Initializing machine ID from random generator.
[    7.664617] systemd[1]: Installed transient /etc/machine-id file.
[    8.120613] systemd[1]: Created slice System Slice.
[[0;32m  OK  [0m] Created slice System Slice.
[    8.125355] systemd[1]: Listening on Journal Socket.
[[0;32m  OK  [0m] Listening on Journal Socket.
[    8.130370] systemd[1]: Listening on /dev/initctl Compatibility Named Pipe.
[[0;32m  OK  [0m] Listening on /dev/initctl Compatibility Named Pipe.
[    8.140384] systemd[1]: Listening on udev Control Socket.
[[0;32m  OK  [0m] Listening on udev Control Socket.
[[0;32m  OK  [0m] Reached target System Time Synchronized.
[[0;32m  OK  [0m] Reached target User and Group Name Lookups.
         Starting Set the console keyboard layout...
[[0;32m  OK  [0m] Listening on udev Kernel Socket.
         Starting Load Kernel Modules...
[[0;32m  OK  [0m] Listening on Journal Audit Socket.
         Mounting Huge Pages File System...
         Mounting POSIX Message Queue File System...
[    8.201566] Loading iSCSI transport class v2.0-870.
[[0;32m  OK  [0m] Listening on Network Service Netlink Socket.
         Mounting Kernel Debug File System...
[[0;32m  OK  [0m] Started Forward Password Requests to Wall Directory Watch.
         Starting udev Coldplug all Devices...
[[0;32m  OK  [0m] Listening on LVM2 metadata daemon socket.
[[0;32m  OK  [0m] Set up automount Arbitrary Executabâ€¦rmats File System Automount Point.
[    8.246142] iscsi: registered transport (tcp)
[[0;32m  OK  [0m] Created slice User and Session Slice.
[[0;32m  OK  [0m] Reached target Slices.
[[0;32m  OK  [0m] Listening on Journal Socket (/dev/log).
[[0;32m  OK  [0m] Created slice system-serial\x2dgetty.slice.
[[0;32m  OK  [0m] Listening on Device-mapper event daemon FIFOs.
         Starting Monitoring of LVM2 mirrorsâ€¦ng dmeventd or progress polling...
         Starting Remount Root and Kernel File Systems...
         Starting Uncomplicated firewall...
[[0;32m  OK  [0m] Listening on LVM2 poll daemon socket.
[[0;32m  OK  [0m] Listening on Syslog Socket.
         Starting Journal Service...
         Starting Create list of required stâ€¦ce nodes for the current kernel...
[[0;32m  OK  [0m] Reached target Swap.
[[0;32m  OK  [0m] Mounted Huge Pages File System.
[[0;32m  OK  [0m] Mounted POSIX Message Queue File System.
[[0;32m  OK  [0m] Mounted Kernel Debug File System.
[[0;32m  OK  [0m] Started Create list of requi[    8.396480] EXT4-fs (sda1): re-mounted. Opts: (null)
red staâ€¦vice nodes for the current kernel.
[[0;32m  OK  [0m] Started Uncomplicated firewall.
         Starting Create Static Device Nodes in /dev...
[[0;32m  OK  [0m] Started LVM2 metadata daemon.
[[0;32m  OK  [0m] Started Remount Root and Kernel File Systems.
         Starting Load/Save Random Seed...
[[0;32m  OK  [0m] Started Monitoring of LVM2 mirrors,â€¦sing dmeventd or progress polling.
[[0;32m  OK  [0m] Started Load/Save Random Seed.
[[0;32m  OK  [0m] Started Create Static Device Nodes in /dev.
         Starting udev Kernel Device Manager...
[    8.649493] iscsi: registered transport (iser)
[[0;32m  OK  [0m] Started Load Kernel Modules.
         Starting Apply Kernel Variables...
         Mounting Kernel Configuration File System...
         Mounting FUSE Control File System...
[[0;32m  OK  [0m] Started udev Coldplug all Devices.
[[0;32m  OK  [0m] Mounted Kernel Configuration File System.
[[0;32m  OK  [0m] Mounted FUSE Control File System.
[[0;32m  OK  [0m] Started Set the console keyboard layout.
[[0;32m  OK  [0m] Reached target Local File Systems (Pre).
[[0;32m  OK  [0m] Reached target Local File Systems.
         Starting AppArmor initialization...
         Starting Set console font and keymap...
         Starting ebtables ruleset management...
         Starting Commit a transient machine-id on disk...
         Starting Tell Plymouth To Write Out Runtime Data...
[[0;32m  OK  [0m] Started udev Kernel Device Manager.
[[0;32m  OK  [0m] Started Dispatch Password Requests to Console Directory Watch.
[[0;32m  OK  [0m] Reached target Local Encrypted Volumes.
[[0;32m  OK  [0m] Started Journal Service.
         Starting Flush Journal to Persistent Storage...
[[0;32m  OK  [0m] Started Set console font and keymap.
[[0;32m  OK  [0m] Started Tell Plymouth To Write Out Runtime Data.
[[0;32m  OK  [0m] Started Apply Kernel Variables.
[[0;32m  OK  [0m] Started Commit a transient machine-id on disk.
[[0;32m  OK  [0m] Started Flush Journal to Persistent Storage.
         Starting Create Volatile Files and Directories...
[[0;32m  OK  [0m] Started ebtables ruleset management.
[[0;32m  OK  [0m] Started Create Volatile Files and Directories.
         Starting Update UTMP about System Boot/Shutdown...
[[0;32m  OK  [0m] Started Update UTMP about System Boot/Shutdown.
[[0;32m  OK  [0m] Found device /dev/ttyS0.
[[0;32m  OK  [0m] Listening on Load/Save RF Kill Switch Status /dev/rfkill Watch.
[[0;32m  OK  [0m] Started AppArmor initialization.
         Starting Initial cloud-init job (pre-networking)...
[   14.804550] cloud-init[557]: Cloud-init v. 19.4-33-gbb4131a2-0ubuntu1~18.04.1 running 'init-local' at Thu, 23 Apr 2020 10:42:40 +0000. Up 13.92 seconds.
[[0;32m  OK  [0m] Started Initial cloud-init job (pre-networking).
[[0;32m  OK  [0m] Reached target Network (Pre).
         Starting Network Service...
[[0;32m  OK  [0m] Started Network Service.
         Starting Wait for Network to be Configured...
         Starting Network Name Resolution...
[[0;32m  OK  [0m] Started Network Name Resolution.
[[0;32m  OK  [0m] Reached target Network.
[[0;32m  OK  [0m] Reached target Host and Network Name Lookups.
[[0;32m  OK  [0m] Started Wait for Network to be Configured.
         Starting Initial cloud-init job (metadata service crawler)...
[   17.339457] cloud-init[666]: Cloud-init v. 19.4-33-gbb4131a2-0ubuntu1~18.04.1 running 'init' at Thu, 23 Apr 2020 10:42:43 +0000. Up 17.03 seconds.
[   17.343751] cloud-init[666]: ci-info: ++++++++++++++++++++++++++++++++++++++Net device info++++++++++++++++++++++++++++++++++++++
[   17.348217] cloud-init[666]: ci-info: +--------+-------+---------------------------+---------------+--------+-------------------+
[   17.360657] cloud-init[666]: ci-info: | Device |   Up  |          Address          |      Mask     | Scope  |     Hw-Address    |
[   17.365298] cloud-init[666]: ci-info: +--------+-------+---------------------------+---------------+--------+-------------------+
[   17.380534] cloud-init[666]: ci-info: | enp0s3 |  True |         10.0.2.15         | 255.255.255.0 | global | 02:63:41:f1:0e:ed |
[   17.396838] cloud-init[666]: ci-info: | enp0s3 |  True | fe80::63:41ff:fef1:eed/64 |       .       |  link  | 02:63:41:f1:0e:ed |
[   17.400669] cloud-init[666]: ci-info: | enp0s8 | False |             .             |       .       |   .    | 08:00:27:11:c6:b2 |
[   17.404998] cloud-init[666]: ci-info: |   lo   |  True |         127.0.0.1         |   255.0.0.0   |  host  |         .         |
[   17.409172] cloud-init[666]: ci-info: |   lo   |  True |          ::1/128          |       .       |  host  |         .         |
[   17.413910] cloud-init[666]: ci-info: +--------+-------+---------------------------+---------------+--------+-------------------+
[   17.418408] cloud-init[666]: ci-info: ++++++++++++++++++++++++++++Route IPv4 info+++++++++++++++++++++++++++++
[   17.422012] cloud-init[666]: ci-info: +-------+-------------+----------+-----------------+-----------+-------+
[   17.426016] cloud-init[666]: ci-info: | Route | Destination | Gateway  |     Genmask     | Interface | Flags |
[   17.430055] cloud-init[666]: ci-info: +-------+-------------+----------+-----------------+-----------+-------+
[   17.434025] cloud-init[666]: ci-info: |   0   |   0.0.0.0   | 10.0.2.2 |     0.0.0.0     |   enp0s3  |   UG  |
[   17.448726] cloud-init[666]: ci-info: |   1   |   10.0.2.0  | 0.0.0.0  |  255.255.255.0  |   enp0s3  |   U   |
[   17.453619] cloud-init[666]: ci-info: |   2   |   10.0.2.2  | 0.0.0.0  | 255.255.255.255 |   enp0s3  |   UH  |
[   17.460744] cloud-init[666]: ci-info: +-------+-------------+----------+-----------------+-----------+-------+
[   17.465371] cloud-init[666]: ci-info: +++++++++++++++++++Route IPv6 info+++++++++++++++++++
[   17.476358] cloud-init[666]: ci-info: +-------+-------------+---------+-----------+-------+
[   17.480572] cloud-init[666]: ci-info: | Route | Destination | Gateway | Interface | Flags |
[   17.483908] cloud-init[666]: ci-info: +-------+-------------+---------+-----------+-------+
[   17.487043] cloud-init[666]: ci-info: |   1   |  fe80::/64  |    ::   |   enp0s3  |   U   |
[   17.490096] cloud-init[666]: ci-info: |   3   |    local    |    ::   |   enp0s3  |   U   |
[   17.493943] cloud-init[666]: ci-info: |   4   |   ff00::/8  |    ::   |   enp0s3  |   U   |
[   17.496781] cloud-init[666]: ci-info: +-------+-------------+---------+-----------+-------+
[   18.408376] cloud-init[666]: Generating public/private rsa key pair.
[   18.411007] cloud-init[666]: Your identification has been saved in /etc/ssh/ssh_host_rsa_key.
[   18.414238] cloud-init[666]: Your public key has been saved in /etc/ssh/ssh_host_rsa_key.pub.
[   18.417091] cloud-init[666]: The key fingerprint is:
[   18.421334] cloud-init[666]: SHA256:1BHAko4O+kPyBG4jbqnCLXA2y1BdLexuhhS1UtYG4xo root@ubuntu-bionic
[   18.424671] cloud-init[666]: The key's randomart image is:
[   18.426377] cloud-init[666]: +---[RSA 2048]----+
[   18.440569] cloud-init[666]: |     o**..o.     |
[   18.452806] cloud-init[666]: |    .+*o=. .     |
[   18.454816] cloud-init[666]: |   .E*o+. .      |
[   18.456659] cloud-init[666]: |. o ++o.         |
[   18.458694] cloud-init[666]: |.+ +.o  S        |
[   18.460051] cloud-init[666]: |*+* o +          |
[   18.461391] cloud-init[666]: |*@+o o           |
[   18.463286] cloud-init[666]: |.**.             |
[   18.465117] cloud-init[666]: |= ..             |
[   18.467111] cloud-init[666]: +----[SHA256]-----+
[   18.469783] cloud-init[666]: Generating public/private dsa key pair.
[   18.473141] cloud-init[666]: Your identification has been saved in /etc/ssh/ssh_host_dsa_key.
[   18.477249] cloud-init[666]: Your public key has been saved in /etc/ssh/ssh_host_dsa_key.pub.
[   18.482363] cloud-init[666]: The key fingerprint is:
[   18.484446] cloud-init[666]: SHA256:09UrAv2/6UgvraAE0pRD79jwtzozf7c0nSH659bIEQk root@ubuntu-bionic
[   18.500731] cloud-init[666]: The key's randomart image is:
[   18.502861] cloud-init[666]: +---[DSA 1024]----+
[   18.504620] cloud-init[666]: |      .          |
[   18.506190] cloud-init[666]: |     . o .  E.   |
[   18.507898] cloud-init[666]: |      = o . .... |
[   18.509578] cloud-init[666]: |     o B o o  o. |
[   18.511325] cloud-init[666]: |    . + S + o..o |
[   18.513474] cloud-init[666]: |     . . o o.oo.o|
[   18.515411] cloud-init[666]: |        . o..o++o|
[   18.516975] cloud-init[666]: |       .+o o++=*.|
[   18.518565] cloud-init[666]: |        o=..o*Xo |
[   18.520675] cloud-init[666]: +----[SHA256]-----+
[   18.532412] cloud-init[666]: Generating public/private ecdsa key pair.
[   18.544733] cloud-init[666]: Your identification has been saved in /etc/ssh/ssh_host_ecdsa_key.
[   18.556490] cloud-init[666]: Your public key has been saved in /etc/ssh/ssh_host_ecdsa_key.pub.
[   18.568843] cloud-init[666]: The key fingerprint is:
[   18.571027] cloud-init[666]: SHA256:TSvMvMOZSe4Zn9eyxaZj5GTd4v3HVZcX0lXIYYBf3Bc root@ubuntu-bionic
[   18.574703] cloud-init[666]: The key's randomart image is:
[   18.577706] cloud-init[666]: +---[ECDSA 256]---+
[   18.579123] cloud-init[666]: |           ..++E*|
[   18.581180] cloud-init[666]: |          .  o=oo|
[   18.582855] cloud-init[666]: |          .. .. +|
[   18.584879] cloud-init[666]: |       + o ..  .+|
[   18.587155] cloud-init[666]: |        S o  . .+|
[   18.589262] cloud-init[666]: |       + *  +.o o|
[   18.591126] cloud-init[666]: |        X  = o++.|
[   18.593378] cloud-init[666]: |       . = .*+o +|
[   18.596425] cloud-init[666]: |        o ooo+  +|
[   18.598500] cloud-init[666]: +----[SHA256]-----+
[   18.600647] cloud-init[666]: Generating public/private ed25519 key pair.
[[   18.603033] cloud-init[666]: Your identification has been saved in /etc/ssh/ssh_host_ed25519_key.
[0;32m  OK  [0m] Started Initial cloud-init job (metadata service crawler).
[   18.603410] cloud-init[666]: Your public key has been saved in /etc/ssh/ssh_host_ed25519_key.pub.
[   18.610878] cloud-init[666]: The key fingerprint is:
[   18.627517] cloud-init[666]: SHA256:eVW8L3MgNZEHTrWN2AmFuTdYiXHIOhMHZ9Oeqans44Q root@ubuntu-bionic
[[0;32m  OK  [0m] Reached target Network is Online.
[   18.639079]          Starting Availability of block devices...
[[0;32m  OK  [0m] Reached target Remote File Systems (Pre).
[[0;32m  OK  [0m] Reached target Remote File Systems.
[[0;32m  OK  [0m] Reached target System Initialization.
         cloud-init[666]: The key's randomart image is:
[   18.650216] cloud-init[666]: +--[ED25519 256]--+
[   18.651540] cloud-init[666]: |          .o*XB*.|
[   18.652178] cloud-init[666]: |          .oBXOo+|
[   18.653942] cloud-init[666]: |           +o*=B.|
Starting LXD - unix socket.
[[0;32m  OK  [0m] Listening on D-Bus System Message Bus Socket.
[[0;32m  OK  [0m] Started Daily apt download activities.
[[0;32m  OK  [0m] Started Daily apt upgrade and clean activities.
[[0;32m  OK  [0m] Started Daily Cleanup of Temporary Directories.
[[0;32m  OK  [0m] Listening on ACPID Listen Socket.
[[0;32m  OK  [0m] Started Discard unused blocks once a week.
[[0;32m  OK  [0m] Listening on Open-iSCSI iscsid Socket.
[[0;32m  OK  [0m] Started Message of the Day.
[[0;32m  OK  [0m] Listening on UUID daemon activation socket.
[[0;32m  OK  [0m] Reached target Timers.
[   18.662363] cloud-init[666]: |         .+.+ O  |
[   18.718198] cloud-init[666]: |        S .o = + |
[   18.720397] cloud-init[666]: |         o  o o o|
[   18.722147] cloud-init[666]: |        E...   + |
         Starting Socket activation for snappy daemon.
[   18.726117] cloud-init[666]: |         .+      |
[[0;32m  OK  [0m] Started ACPI Events Check.
[[0;32m  OK  [0m] Reached target Paths.
[   18.734350] [cloud-init[0;32m  OK  [0m[666]: ] |         oo.     |Reached target Cloud-config availability.

[[0;32m  OK  [0m] Started Availability of block devices.
[   18.750041] cloud-init[[0;32m  OK  [0m] Listening on LXD - unix socket.
[[0;32m  OK  [0m] Listening on Socket activation for snappy daemon.
[[0;32m  OK  [0m] Reached target Sockets.
[666]: +----[SHA256]-----+
[[0;32m  OK  [0m] Reached target Basic System.
         Starting LSB: automatic crash report generation...
         Starting Login Service...
         Starting Permit User Sessions...
         Starting Accounts Service...
         Starting LXD - container startup/shutdown...
[[0;32m  OK  [0m] Started Regular background program processing daemon.
         Starting Virtualbox guest utils...
         Starting Pollinate to seed the pseudo random number generator...
[[0;32m  OK  [0m] Started Deferred execution scheduler.
[[0;32m  OK  [0m] Started FUSE filesystem for LXC.
         Starting LSB: Record successful boot for GRUB...
[[0;32m  OK  [0m] Started D-Bus System Message Bus.
         Starting Snappy daemon...
[[0;32m  OK  [0m] Started irqbalance daemon.
         Starting System Logging Service...
         Starting Dispatcher daemon for systemd-networkd...
[[0;32m  OK  [0m] Started Permit User Sessions.
[[0;32m  OK  [0m] Started Login Service.
         Starting Authorization Manager...
[[0;32m  OK  [0m] Started Unattended Upgrades Shutdown.
         Starting Terminate Plymouth Boot Screen...
         Starting Hold until boot process finishes up...
[[0;32m  OK  [0m] Started Terminate Plymouth Boot Screen.
[[0;32m  OK  [0m] Started Hold until boot process finishes up.
[[0;32m  OK  [0m] Started Serial Getty on ttyS0.
         Starting Set console scheme...
[[0;32m  OK  [0m] Started LXD - container startup/shutdown.
[[0;32m  OK  [0m] Started Set console scheme.
[[0;32m  OK  [0m] Created slice system-getty.slice.
[[0;32m  OK  [0m] Started Getty on tty1.
[[0;32m  OK  [0m] Reached target Login Prompts.
[[0;32m  OK  [0m] Started LSB: Record successful boot for GRUB.
[[0;32m  OK  [0m] Started System Logging Service.
[[0;32m  OK  [0m] Started Authorization Manager.
[[0;32m  OK  [0m] Started LSB: automatic crash report generation.
[[0;32m  OK  [0m] Started Accounts Service.
[[0;32m  OK  [0m] Started Virtualbox guest utils.
[[0;32m  OK  [0m] Started Snappy daemon.
         Starting Wait until snapd is fully seeded...
[[0;32m  OK  [0m] Started Dispatcher daemon for systemd-networkd.
[[0;32m  OK  [0m] Started Wait until snapd is fully seeded.
         Starting Apply the settings specified in cloud-config...
[   22.811232] cloud-init[1041]: Cloud-init v. 19.4-33-gbb4131a2-0ubuntu1~18.04.1 running 'modules:config' at Thu, 23 Apr 2020 10:42:48 +0000. Up 22.09 seconds.
[[0;32m  OK  [0m] Started Apply the settings specified in cloud-config.

Ubuntu 18.04.4 LTS ubuntu-bionic ttyS0

ubuntu-bionic login: ci-info: no authorized SSH keys fingerprints found for user ubuntu.
<14>Apr 23 10:42:53 ec2: 
<14>Apr 23 10:42:53 ec2: #############################################################
<14>Apr 23 10:42:53 ec2: -----BEGIN SSH HOST KEY FINGERPRINTS-----
<14>Apr 23 10:42:53 ec2: 1024 SHA256:09UrAv2/6UgvraAE0pRD79jwtzozf7c0nSH659bIEQk root@ubuntu-bionic (DSA)
<14>Apr 23 10:42:53 ec2: 256 SHA256:TSvMvMOZSe4Zn9eyxaZj5GTd4v3HVZcX0lXIYYBf3Bc root@ubuntu-bionic (ECDSA)
<14>Apr 23 10:42:53 ec2: 256 SHA256:eVW8L3MgNZEHTrWN2AmFuTdYiXHIOhMHZ9Oeqans44Q root@ubuntu-bionic (ED25519)
<14>Apr 23 10:42:53 ec2: 2048 SHA256:1BHAko4O+kPyBG4jbqnCLXA2y1BdLexuhhS1UtYG4xo root@ubuntu-bionic (RSA)
<14>Apr 23 10:42:53 ec2: -----END SSH HOST KEY FINGERPRINTS-----
<14>Apr 23 10:42:53 ec2: #############################################################
-----BEGIN SSH HOST KEY KEYS-----
ecdsa-sha2-nistp256 AAAAE2VjZHNhLXNoYTItbmlzdHAyNTYAAAAIbmlzdHAyNTYAAABBBH0/IBzqNU3UwRN8amsHU2ApnTZ6TAttCS/zJLIt0PGxbbWt0I7rcKLrwPgCONMz4ZcrKlhFpcIbvuMiD5ZDzi4= root@ubuntu-bionic
ssh-ed25519 AAAAC3NzaC1lZDI1NTE5AAAAIHf99/oLiOYEIyHAVuvWXjXWH/mkl5zXND4LzPBIS2QO root@ubuntu-bionic
ssh-rsa AAAAB3NzaC1yc2EAAAADAQABAAABAQDrrXqis7kY1cjknld/mdmkF4EFzHv28llT1N9qyTX/mxhH4wA802AxQKgwQ9aMvnq8R+eTcp5z/htcUge+914yf1xv9zzam5Pbop4CT6UL2DBo121Ioh9uELY4myR+tP5oumxuEbtN9z4Y5Zn5fn5uRTeOf9aV6CWRh2/t7o3bo6e+0iY98hJZXcluyTT1RtElurT0RuXsO4E1eGvY4Jk2eTA94c+GrnM8cfJKVqBrf+R299otpCJpGB+3oBAVkK5nsLFFXw40Dewj07izK69gQit5jY4DN4Bxf4WiJlY2FSvSNyjcTU3JagMypdageeEyYlWGJuP6hKkyE7iM7WY5 root@ubuntu-bionic
-----END SSH HOST KEY KEYS-----
[   27.363424] cloud-init[1129]: Cloud-init v. 19.4-33-gbb4131a2-0ubuntu1~18.04.1 running 'modules:final' at Thu, 23 Apr 2020 10:42:52 +0000. Up 26.68 seconds.
[   27.382708] cloud-init[1129]: ci-info: no authorized SSH keys fingerprints found for user ubuntu.
[   27.387369] cloud-init[1129]: Cloud-init v. 19.4-33-gbb4131a2-0ubuntu1~18.04.1 finished at Thu, 23 Apr 2020 10:42:53 +0000. Datasource DataSourceNoCloud [seed=/dev/sdb][dsmode=net].  Up 27.34 seconds
